[
    {
        "source": 1820313465,
        "target": 4245386,
        "source_basic_blocks": [
            1820313465
        ],
        "target_basic_blocks": [
            4245386
        ]
    }
]