[
    {
        "source": 1820313465,
        "target": 4245386,
        "matches": [
            {
                "source_parent": 0,
                "target_parent": 0,
                "source": 1820313647,
                "target": 4245555,
                "match_rate": 100
            },
            {
                "source_parent": 0,
                "target_parent": 0,
                "source": 1820313563,
                "target": 4245471,
                "match_rate": 100
            },
            {
                "source_parent": 0,
                "target_parent": 0,
                "source": 1820313525,
                "target": 4245433,
                "match_rate": 100
            },
            {
                "source_parent": 0,
                "target_parent": 0,
                "source": 1820313717,
                "target": 4245625,
                "match_rate": 100
            },
            {
                "source_parent": 0,
                "target_parent": 0,
                "source": 1820313606,
                "target": 4245514,
                "match_rate": 100
            },
            {
                "source_parent": 0,
                "target_parent": 0,
                "source": 1820313697,
                "target": 4245605,
                "match_rate": 100
            },
            {
                "source_parent": 0,
                "target_parent": 0,
                "source": 1820313551,
                "target": 4245459,
                "match_rate": 100
            },
            {
                "source_parent": 0,
                "target_parent": 0,
                "source": 1820313701,
                "target": 4245609,
                "match_rate": 100
            },
            {
                "source_parent": 0,
                "target_parent": 0,
                "source": 1820313693,
                "target": 4245601,
                "match_rate": 100
            },
            {
                "source_parent": 0,
                "target_parent": 0,
                "source": 1820313537,
                "target": 4245445,
                "match_rate": 100
            },
            {
                "source_parent": 0,
                "target_parent": 0,
                "source": 1820313780,
                "target": 4245688,
                "match_rate": 100
            },
            {
                "source_parent": 0,
                "target_parent": 0,
                "source": 1820313708,
                "target": 4245616,
                "match_rate": 100
            }
        ]
    }
]