[
    {
        "source": 1820545115,
        "target": 4477609,
        "source_basic_blocks": [],
        "target_basic_blocks": [
            4477777
        ]
    },
    {
        "source": 1820559764,
        "target": 4492258,
        "source_basic_blocks": [
            1820559966,
            1820559940,
            1820559953,
            1820559971,
            1820559974,
            1820559987,
            1820559992,
            1820559995
        ],
        "target_basic_blocks": [
            4492434,
            4492481,
            4492410,
            4492426,
            4492447,
            4492465,
            4492460,
            4492468,
            4492486,
            4492489
        ]
    },
    {
        "source": 1820431341,
        "target": 4363808,
        "source_basic_blocks": [],
        "target_basic_blocks": [
            4364496,
            4364365
        ]
    },
    {
        "source": 1820322092,
        "target": 4253526,
        "source_basic_blocks": [],
        "target_basic_blocks": [
            4254040
        ]
    },
    {
        "source": 1820326483,
        "target": 4258408,
        "source_basic_blocks": [
            1820329659,
            1820329668,
            1820329675
        ],
        "target_basic_blocks": [
            4261063,
            4261600,
            4260948,
            4261555,
            4261069,
            4261087,
            4261561,
            4261092,
            4261579,
            4261075,
            4261098,
            4261584,
            4261105,
            4261593,
            4261081,
            4261112,
            4261567,
            4261573,
            4261610
        ]
    },
    {
        "source": 1820429267,
        "target": 4361734,
        "source_basic_blocks": [
            1820430662,
            1820430684,
            1820430761
        ],
        "target_basic_blocks": [
            4363129,
            4361978,
            4363111,
            4363151,
            4363228
        ]
    },
    {
        "source": 1820320749,
        "target": 4252183,
        "source_basic_blocks": [],
        "target_basic_blocks": [
            4252781
        ]
    },
    {
        "source": 1820568756,
        "target": 4501252,
        "source_basic_blocks": [],
        "target_basic_blocks": [
            4501270
        ]
    },
    {
        "source": 1820374304,
        "target": 4306010,
        "source_basic_blocks": [],
        "target_basic_blocks": [
            4306111
        ]
    },
    {
        "source": 1820520828,
        "target": 4454840,
        "source_basic_blocks": [],
        "target_basic_blocks": [
            4454870
        ]
    },
    {
        "source": 1820404916,
        "target": 4337229,
        "source_basic_blocks": [],
        "target_basic_blocks": [
            4337264
        ]
    },
    {
        "source": 1820372753,
        "target": 4304459,
        "source_basic_blocks": [],
        "target_basic_blocks": [
            4304646,
            4304651
        ]
    },
    {
        "source": 1820589530,
        "target": 4522077,
        "source_basic_blocks": [],
        "target_basic_blocks": [
            4522145,
            4522150,
            4522339,
            4522272
        ]
    },
    {
        "source": 1820586437,
        "target": 4518976,
        "source_basic_blocks": [],
        "target_basic_blocks": [
            4519074
        ]
    },
    {
        "source": 1820484648,
        "target": 4417168,
        "source_basic_blocks": [],
        "target_basic_blocks": [
            4419213,
            4417663,
            4417716,
            4418220
        ]
    },
    {
        "source": 1820575883,
        "target": 4508379,
        "source_basic_blocks": [],
        "target_basic_blocks": [
            4508650,
            4508635,
            4508640,
            4508645
        ]
    },
    {
        "source": 1820540369,
        "target": 4472876,
        "source_basic_blocks": [],
        "target_basic_blocks": [
            4473307
        ]
    },
    {
        "source": 1820582775,
        "target": 4515314,
        "source_basic_blocks": [],
        "target_basic_blocks": [
            4515468
        ]
    },
    {
        "source": 1820563578,
        "target": 4496072,
        "source_basic_blocks": [],
        "target_basic_blocks": [
            4496239,
            4496335,
            4496261,
            4496318
        ]
    },
    {
        "source": 1820432756,
        "target": 4365223,
        "source_basic_blocks": [],
        "target_basic_blocks": [
            4365349
        ]
    },
    {
        "source": 1820640400,
        "target": 4573056,
        "source_basic_blocks": [],
        "target_basic_blocks": [
            4576154,
            4577841,
            4578250,
            4576129,
            4576186,
            4576144
        ]
    },
    {
        "source": 1820389617,
        "target": 4321909,
        "source_basic_blocks": [],
        "target_basic_blocks": [
            4321959,
            4322189
        ]
    },
    {
        "source": 1820542086,
        "target": 4474580,
        "source_basic_blocks": [],
        "target_basic_blocks": [
            4474635,
            4474641
        ]
    },
    {
        "source": 1820398745,
        "target": 4331060,
        "source_basic_blocks": [
            1820402128,
            1820402756,
            1820402727,
            1820402761,
            1820402133
        ],
        "target_basic_blocks": [
            4335048,
            4334429,
            4331566,
            4332315,
            4335015,
            4335043,
            4334434
        ]
    },
    {
        "source": 1820563932,
        "target": 4496426,
        "source_basic_blocks": [],
        "target_basic_blocks": [
            4497462,
            4496931
        ]
    },
    {
        "source": 1820626469,
        "target": 4559133,
        "source_basic_blocks": [],
        "target_basic_blocks": [
            4559339
        ]
    },
    {
        "source": 1820330542,
        "target": 4262462,
        "source_basic_blocks": [],
        "target_basic_blocks": [
            4262628,
            4262880
        ]
    },
    {
        "source": 1820474316,
        "target": 4407087,
        "source_basic_blocks": [],
        "target_basic_blocks": [
            4407794
        ]
    },
    {
        "source": 1820562571,
        "target": 4495065,
        "source_basic_blocks": [],
        "target_basic_blocks": [
            4495483
        ]
    },
    {
        "source": 1820612725,
        "target": 4545349,
        "source_basic_blocks": [],
        "target_basic_blocks": [
            4545420
        ]
    },
    {
        "source": 1820558289,
        "target": 4490783,
        "source_basic_blocks": [],
        "target_basic_blocks": [
            4490815,
            4490832,
            4490877,
            4490858,
            4490907,
            4490924,
            4490959,
            4490950
        ]
    },
    {
        "source": 1820544853,
        "target": 4477347,
        "source_basic_blocks": [],
        "target_basic_blocks": [
            4493540,
            4493478,
            4493490,
            4493502,
            4493538,
            4493511,
            4493518,
            4493521
        ]
    },
    {
        "source": 1820426747,
        "target": 4359214,
        "source_basic_blocks": [],
        "target_basic_blocks": [
            4359311,
            4359360
        ]
    },
    {
        "source": 1820420238,
        "target": 4352701,
        "source_basic_blocks": [],
        "target_basic_blocks": [
            4353178,
            4353187
        ]
    },
    {
        "source": 1820553810,
        "target": 4486304,
        "source_basic_blocks": [],
        "target_basic_blocks": [
            4486324,
            4486469,
            4486486
        ]
    },
    {
        "source": 1820488333,
        "target": 4420855,
        "source_basic_blocks": [
            1820489061
        ],
        "target_basic_blocks": [
            4421547,
            4421531,
            4421563,
            4421573,
            4421583
        ]
    },
    {
        "source": 1820597770,
        "target": 4530347,
        "source_basic_blocks": [],
        "target_basic_blocks": [
            4530420,
            4530402,
            4530424,
            4530466
        ]
    },
    {
        "source": 1820437637,
        "target": 4370104,
        "source_basic_blocks": [],
        "target_basic_blocks": [
            4370395
        ]
    },
    {
        "source": 1820363263,
        "target": 4295095,
        "source_basic_blocks": [],
        "target_basic_blocks": [
            4295132
        ]
    },
    {
        "source": 1820567049,
        "target": 4499543,
        "source_basic_blocks": [],
        "target_basic_blocks": [
            4499680,
            4499820
        ]
    },
    {
        "source": 1820449521,
        "target": 4382069,
        "source_basic_blocks": [],
        "target_basic_blocks": [
            4382252
        ]
    },
    {
        "source": 1820513548,
        "target": 4446079,
        "source_basic_blocks": [],
        "target_basic_blocks": [
            4446247
        ]
    },
    {
        "source": 1820595226,
        "target": 4527803,
        "source_basic_blocks": [],
        "target_basic_blocks": [
            4527827
        ]
    },
    {
        "source": 1820605654,
        "target": 4538259,
        "source_basic_blocks": [],
        "target_basic_blocks": [
            4538623,
            4538945
        ]
    },
    {
        "source": 1820591728,
        "target": 4524281,
        "source_basic_blocks": [],
        "target_basic_blocks": [
            4524445
        ]
    },
    {
        "source": 1820650440,
        "target": 4583097,
        "source_basic_blocks": [
            1820650698
        ],
        "target_basic_blocks": []
    },
    {
        "source": 1820393686,
        "target": 4325935,
        "source_basic_blocks": [
            1820393686,
            1820393997,
            1820394036
        ],
        "target_basic_blocks": [
            4326304,
            4325935,
            4326249,
            4326272,
            4326419,
            4326285,
            4326315
        ]
    },
    {
        "source": 1820480954,
        "target": 4413437,
        "source_basic_blocks": [
            1820481179,
            1820481194,
            1820481117,
            1820481644
        ],
        "target_basic_blocks": [
            4414093,
            4413583,
            4413593,
            4413638,
            4413648
        ]
    },
    {
        "source": 1820609173,
        "target": 4541786,
        "source_basic_blocks": [],
        "target_basic_blocks": [
            4541829
        ]
    },
    {
        "source": 1820602960,
        "target": 4535537,
        "source_basic_blocks": [],
        "target_basic_blocks": [
            4535669,
            4535761
        ]
    },
    {
        "source": 1820411275,
        "target": 4343595,
        "source_basic_blocks": [],
        "target_basic_blocks": [
            4343944
        ]
    },
    {
        "source": 1820456190,
        "target": 4388755,
        "source_basic_blocks": [
            1820456190,
            1820456218,
            1820456226,
            1820456243,
            1820456223
        ],
        "target_basic_blocks": [
            4388755,
            4388789,
            4388768,
            4388820,
            4388796,
            4388813
        ]
    },
    {
        "source": 1820582391,
        "target": 4514887,
        "source_basic_blocks": [],
        "target_basic_blocks": [
            4515005
        ]
    },
    {
        "source": 1820313138,
        "target": 4244954,
        "source_basic_blocks": [
            1820313138
        ],
        "target_basic_blocks": [
            4244954
        ]
    },
    {
        "source": 1820442223,
        "target": 4374771,
        "source_basic_blocks": [],
        "target_basic_blocks": [
            4374826
        ]
    },
    {
        "source": 1820469776,
        "target": 4402390,
        "source_basic_blocks": [],
        "target_basic_blocks": [
            4402483
        ]
    },
    {
        "source": 1820556582,
        "target": 4489076,
        "source_basic_blocks": [],
        "target_basic_blocks": [
            4489175
        ]
    },
    {
        "source": 1820589949,
        "target": 4522496,
        "source_basic_blocks": [],
        "target_basic_blocks": [
            4522555
        ]
    },
    {
        "source": 1820313465,
        "target": 4245386,
        "source_basic_blocks": [
            1820313465,
            1820313663,
            1820313516,
            1820313678
        ],
        "target_basic_blocks": [
            4245386,
            4245571,
            4245424,
            4245586
        ]
    },
    {
        "source": 1820623987,
        "target": 4556631,
        "source_basic_blocks": [
            1820623987,
            1820624004
        ],
        "target_basic_blocks": [
            4556631,
            4556649
        ]
    },
    {
        "source": 1820623987,
        "target": 4556450,
        "source_basic_blocks": [
            1820624059,
            1820623987,
            1820624016,
            1820624039
        ],
        "target_basic_blocks": [
            4556577,
            4556450,
            4556525,
            4556497,
            4556489,
            4556504,
            4556532,
            4556516,
            4556507,
            4556553,
            4556571,
            4556510,
            4556558
        ]
    },
    {
        "source": 1820558137,
        "target": 4490631,
        "source_basic_blocks": [],
        "target_basic_blocks": [
            4490707,
            4490712,
            4490732,
            4490703
        ]
    },
    {
        "source": 1820538075,
        "target": 4470562,
        "source_basic_blocks": [],
        "target_basic_blocks": [
            4470911,
            4470906
        ]
    },
    {
        "source": 1820481693,
        "target": 4414142,
        "source_basic_blocks": [],
        "target_basic_blocks": [
            4414298
        ]
    },
    {
        "source": 1820442406,
        "target": 4374954,
        "source_basic_blocks": [],
        "target_basic_blocks": [
            4375428,
            4375418,
            4375406,
            4375446,
            4375276,
            4375436
        ]
    },
    {
        "source": 1820525552,
        "target": 4458037,
        "source_basic_blocks": [],
        "target_basic_blocks": [
            4458213
        ]
    },
    {
        "source": 1820544241,
        "target": 4476735,
        "source_basic_blocks": [],
        "target_basic_blocks": [
            4476770
        ]
    },
    {
        "source": 1820561421,
        "target": 4493915,
        "source_basic_blocks": [],
        "target_basic_blocks": [
            4494770,
            4494744
        ]
    },
    {
        "source": 1820493019,
        "target": 4425567,
        "source_basic_blocks": [],
        "target_basic_blocks": [
            4425752
        ]
    },
    {
        "source": 1820553636,
        "target": 4486130,
        "source_basic_blocks": [],
        "target_basic_blocks": [
            4486146
        ]
    },
    {
        "source": 1820595012,
        "target": 4527579,
        "source_basic_blocks": [],
        "target_basic_blocks": [
            4527733,
            4527724,
            4527719
        ]
    },
    {
        "source": 1820479041,
        "target": 4411517,
        "source_basic_blocks": [
            1820479041
        ],
        "target_basic_blocks": [
            4411517
        ]
    },
    {
        "source": 1820409216,
        "target": 4341536,
        "source_basic_blocks": [],
        "target_basic_blocks": [
            4341782
        ]
    },
    {
        "source": 1820651465,
        "target": 4584137,
        "source_basic_blocks": [
            1820651532
        ],
        "target_basic_blocks": []
    },
    {
        "source": 1820322963,
        "target": 4254397,
        "source_basic_blocks": [],
        "target_basic_blocks": [
            4254679
        ]
    },
    {
        "source": 1820510644,
        "target": 4443175,
        "source_basic_blocks": [],
        "target_basic_blocks": [
            4443346,
            4443476,
            4443528
        ]
    },
    {
        "source": 1820565674,
        "target": 4498168,
        "source_basic_blocks": [],
        "target_basic_blocks": [
            4498444
        ]
    },
    {
        "source": 1820546256,
        "target": 4478750,
        "source_basic_blocks": [],
        "target_basic_blocks": [
            4478882
        ]
    },
    {
        "source": 1820409520,
        "target": 4341840,
        "source_basic_blocks": [],
        "target_basic_blocks": [
            4341985,
            4342000,
            4342015
        ]
    },
    {
        "source": 1820314868,
        "target": 4246735,
        "source_basic_blocks": [],
        "target_basic_blocks": [
            4246937
        ]
    },
    {
        "source": 1820319210,
        "target": 4251135,
        "source_basic_blocks": [],
        "target_basic_blocks": [
            4251342
        ]
    },
    {
        "source": 1820407721,
        "target": 4340034,
        "source_basic_blocks": [],
        "target_basic_blocks": [
            4340167
        ]
    },
    {
        "source": 1820319934,
        "target": 4251888,
        "source_basic_blocks": [],
        "target_basic_blocks": [
            4252014
        ]
    },
    {
        "source": 1820394793,
        "target": 4327108,
        "source_basic_blocks": [],
        "target_basic_blocks": [
            4329735,
            4329773
        ]
    },
    {
        "source": 1820569712,
        "target": 4502208,
        "source_basic_blocks": [],
        "target_basic_blocks": [
            4502457,
            4502498,
            4502585
        ]
    },
    {
        "source": 1820508952,
        "target": 4441483,
        "source_basic_blocks": [],
        "target_basic_blocks": [
            4441667
        ]
    },
    {
        "source": 1820410169,
        "target": 4342489,
        "source_basic_blocks": [],
        "target_basic_blocks": [
            4342779
        ]
    },
    {
        "source": 1820355612,
        "target": 4287444,
        "source_basic_blocks": [],
        "target_basic_blocks": [
            4288207,
            4287964
        ]
    },
    {
        "source": 1820590814,
        "target": 4523361,
        "source_basic_blocks": [],
        "target_basic_blocks": [
            4523401
        ]
    },
    {
        "source": 1820650752,
        "target": 4583574,
        "source_basic_blocks": [
            1820650752,
            1820650761
        ],
        "target_basic_blocks": []
    },
    {
        "source": 1820469952,
        "target": 4402560,
        "source_basic_blocks": [],
        "target_basic_blocks": [
            4402604
        ]
    },
    {
        "source": 1820565036,
        "target": 4497530,
        "source_basic_blocks": [],
        "target_basic_blocks": [
            4498026,
            4498044
        ]
    },
    {
        "source": 1820435341,
        "target": 4367808,
        "source_basic_blocks": [
            1820436277
        ],
        "target_basic_blocks": [
            4368744
        ]
    },
    {
        "source": 1820371005,
        "target": 4302711,
        "source_basic_blocks": [],
        "target_basic_blocks": [
            4302878
        ]
    },
    {
        "source": 1820604687,
        "target": 4537287,
        "source_basic_blocks": [
            1820604687
        ],
        "target_basic_blocks": [
            4537287
        ]
    },
    {
        "source": 1820623393,
        "target": 4556022,
        "source_basic_blocks": [
            1820623393
        ],
        "target_basic_blocks": [
            4556022
        ]
    },
    {
        "source": 1820553749,
        "target": 4486243,
        "source_basic_blocks": [],
        "target_basic_blocks": [
            4486290
        ]
    },
    {
        "source": 1820569280,
        "target": 4501776,
        "source_basic_blocks": [],
        "target_basic_blocks": [
            4501855,
            4501892
        ]
    },
    {
        "source": 1820567413,
        "target": 4499907,
        "source_basic_blocks": [],
        "target_basic_blocks": [
            4499960
        ]
    },
    {
        "source": 1820620485,
        "target": 4553109,
        "source_basic_blocks": [],
        "target_basic_blocks": [
            4553166
        ]
    },
    {
        "source": 1820354637,
        "target": 4286469,
        "source_basic_blocks": [],
        "target_basic_blocks": [
            4286694
        ]
    },
    {
        "source": 1820609258,
        "target": 4541871,
        "source_basic_blocks": [],
        "target_basic_blocks": [
            4542052
        ]
    },
    {
        "source": 1820617476,
        "target": 4550100,
        "source_basic_blocks": [],
        "target_basic_blocks": [
            4550477,
            4550495,
            4550509,
            4550500
        ]
    },
    {
        "source": 1820590874,
        "target": 4523421,
        "source_basic_blocks": [],
        "target_basic_blocks": [
            4523517
        ]
    },
    {
        "source": 1820609727,
        "target": 4542345,
        "source_basic_blocks": [],
        "target_basic_blocks": [
            4542385
        ]
    },
    {
        "source": 1820615901,
        "target": 4548525,
        "source_basic_blocks": [],
        "target_basic_blocks": [
            4548571
        ]
    },
    {
        "source": 1820591357,
        "target": 4523904,
        "source_basic_blocks": [],
        "target_basic_blocks": [
            4523944
        ]
    },
    {
        "source": 1820557287,
        "target": 4489781,
        "source_basic_blocks": [],
        "target_basic_blocks": [
            4489798,
            4489836
        ]
    },
    {
        "source": 1820475570,
        "target": 4408051,
        "source_basic_blocks": [],
        "target_basic_blocks": [
            4409063,
            4408397
        ]
    },
    {
        "source": 1820528757,
        "target": 4461205,
        "source_basic_blocks": [
            1820528757,
            1820528776,
            1820528771
        ],
        "target_basic_blocks": [
            4461205,
            4461224,
            4461219
        ]
    },
    {
        "source": 1820526387,
        "target": 4458875,
        "source_basic_blocks": [
            1820526387
        ],
        "target_basic_blocks": [
            4458875
        ]
    },
    {
        "source": 1820443261,
        "target": 4375809,
        "source_basic_blocks": [],
        "target_basic_blocks": [
            4375861,
            4375907,
            4375868
        ]
    },
    {
        "source": 1820440304,
        "target": 4372819,
        "source_basic_blocks": [],
        "target_basic_blocks": [
            4373204,
            4373223,
            4373101,
            4373120
        ]
    },
    {
        "source": 1820424238,
        "target": 4356705,
        "source_basic_blocks": [],
        "target_basic_blocks": [
            4356916,
            4356985,
            4356949,
            4356967,
            4357003
        ]
    },
    {
        "source": 1820345409,
        "target": 4277241,
        "source_basic_blocks": [
            1820348514,
            1820349420,
            1820347222,
            1820348382,
            1820347702,
            1820347200,
            1820346679,
            1820348404,
            1820347724,
            1820348426,
            1820347906,
            1820347945,
            1820347244,
            1820348448,
            1820347927,
            1820347266,
            1820348470,
            1820348492,
            1820349442
        ],
        "target_basic_blocks": [
            4279032,
            4281274,
            4280214,
            4279534,
            4278511,
            4280236,
            4279556,
            4279054,
            4280258,
            4279738,
            4279777,
            4279076,
            4280280,
            4279759,
            4279098,
            4280302,
            4280324,
            4280346,
            4281252
        ]
    },
    {
        "source": 1820418980,
        "target": 4351429,
        "source_basic_blocks": [
            1820418980
        ],
        "target_basic_blocks": [
            4351429,
            4351468,
            4351462
        ]
    },
    {
        "source": 1820317142,
        "target": 4249023,
        "source_basic_blocks": [
            1820318343,
            1820317934,
            1820317949,
            1820318293,
            1820317973,
            1820318429,
            1820318411,
            1820318286,
            1820318325,
            1820318322
        ],
        "target_basic_blocks": [
            4250238,
            4249780,
            4250161,
            4250149,
            4250123,
            4249821,
            4249831,
            4249857,
            4250324,
            4249829,
            4250349,
            4250060,
            4250144,
            4250229,
            4250117,
            4250222,
            4250043,
            4250168,
            4250096,
            4250309,
            4250200,
            4250197
        ]
    },
    {
        "source": 1820578635,
        "target": 4511131,
        "source_basic_blocks": [],
        "target_basic_blocks": [
            4511925,
            4511934
        ]
    },
    {
        "source": 1820355088,
        "target": 4286920,
        "source_basic_blocks": [],
        "target_basic_blocks": [
            4287319
        ]
    },
    {
        "source": 1820376233,
        "target": 4307902,
        "source_basic_blocks": [],
        "target_basic_blocks": [
            4308073
        ]
    },
    {
        "source": 1820525914,
        "target": 4458399,
        "source_basic_blocks": [
            1820525914
        ],
        "target_basic_blocks": [
            4458399
        ]
    },
    {
        "source": 1820376534,
        "target": 4308203,
        "source_basic_blocks": [],
        "target_basic_blocks": [
            4308411,
            4308375,
            4308382,
            4308421,
            4308392
        ]
    },
    {
        "source": 1820612427,
        "target": 4545051,
        "source_basic_blocks": [],
        "target_basic_blocks": [
            4545086
        ]
    },
    {
        "source": 1820542846,
        "target": 4475340,
        "source_basic_blocks": [],
        "target_basic_blocks": [
            4475444,
            4475450
        ]
    },
    {
        "source": 1820462365,
        "target": 4394980,
        "source_basic_blocks": [],
        "target_basic_blocks": [
            4395072
        ]
    },
    {
        "source": 1820426307,
        "target": 4358774,
        "source_basic_blocks": [],
        "target_basic_blocks": [
            4358871
        ]
    },
    {
        "source": 1820416810,
        "target": 4349192,
        "source_basic_blocks": [
            1820416810
        ],
        "target_basic_blocks": [
            4349657,
            4349192,
            4349640,
            4350735,
            4350759,
            4350724
        ]
    },
    {
        "source": 1820422494,
        "target": 4354957,
        "source_basic_blocks": [],
        "target_basic_blocks": [
            4355189,
            4355329
        ]
    },
    {
        "source": 1820579480,
        "target": 4511976,
        "source_basic_blocks": [
            1820579750,
            1820579767,
            1820579779
        ],
        "target_basic_blocks": [
            4512238,
            4512221,
            4512226,
            4512246,
            4512263,
            4512275
        ]
    },
    {
        "source": 1820426527,
        "target": 4358994,
        "source_basic_blocks": [],
        "target_basic_blocks": [
            4359091
        ]
    },
    {
        "source": 1820471832,
        "target": 4403603,
        "source_basic_blocks": [
            1820471832
        ],
        "target_basic_blocks": [
            4403603
        ]
    },
    {
        "source": 1820555118,
        "target": 4487612,
        "source_basic_blocks": [],
        "target_basic_blocks": [
            4487756
        ]
    },
    {
        "source": 1820496702,
        "target": 4429250,
        "source_basic_blocks": [],
        "target_basic_blocks": [
            4429331
        ]
    },
    {
        "source": 1820512019,
        "target": 4444550,
        "source_basic_blocks": [],
        "target_basic_blocks": [
            4444851
        ]
    },
    {
        "source": 1820586699,
        "target": 4519238,
        "source_basic_blocks": [],
        "target_basic_blocks": [
            4519411
        ]
    },
    {
        "source": 1820625968,
        "target": 4558627,
        "source_basic_blocks": [
            1820625968
        ],
        "target_basic_blocks": [
            4558627
        ]
    },
    {
        "source": 1820553319,
        "target": 4485813,
        "source_basic_blocks": [],
        "target_basic_blocks": [
            4485856
        ]
    },
    {
        "source": 1820581756,
        "target": 4514252,
        "source_basic_blocks": [],
        "target_basic_blocks": [
            4514293,
            4514418
        ]
    },
    {
        "source": 1820592505,
        "target": 4525058,
        "source_basic_blocks": [],
        "target_basic_blocks": [
            4525130
        ]
    },
    {
        "source": 1820606631,
        "target": 4539236,
        "source_basic_blocks": [],
        "target_basic_blocks": [
            4539539
        ]
    },
    {
        "source": 1820581391,
        "target": 4513887,
        "source_basic_blocks": [],
        "target_basic_blocks": [
            4513990
        ]
    },
    {
        "source": 1820593772,
        "target": 4526325,
        "source_basic_blocks": [],
        "target_basic_blocks": [
            4526456,
            4526439,
            4526447,
            4526461
        ]
    },
    {
        "source": 1820651564,
        "target": 4584236,
        "source_basic_blocks": [
            1820651633
        ],
        "target_basic_blocks": []
    },
    {
        "source": 1820623708,
        "target": 4556342,
        "source_basic_blocks": [
            1820623732,
            1820623708
        ],
        "target_basic_blocks": [
            4556342,
            4556369
        ]
    },
    {
        "source": 1820387815,
        "target": 4320104,
        "source_basic_blocks": [
            1820387959,
            1820387962
        ],
        "target_basic_blocks": [
            4320238,
            4320229,
            4320241,
            4320248,
            4320251
        ]
    },
    {
        "source": 1820625547,
        "target": 4558201,
        "source_basic_blocks": [
            1820625547
        ],
        "target_basic_blocks": [
            4558201
        ]
    },
    {
        "source": 1820604293,
        "target": 4536883,
        "source_basic_blocks": [
            1820604293
        ],
        "target_basic_blocks": [
            4536883
        ]
    },
    {
        "source": 1820419555,
        "target": 4351984,
        "source_basic_blocks": [
            1820419555
        ],
        "target_basic_blocks": [
            4351984
        ]
    },
    {
        "source": 1820623128,
        "target": 4555752,
        "source_basic_blocks": [
            1820623128
        ],
        "target_basic_blocks": [
            4555752,
            4555898
        ]
    },
    {
        "source": 1820623811,
        "target": 4556450,
        "source_basic_blocks": [
            1820623811,
            1820623836
        ],
        "target_basic_blocks": [
            4556450,
            4556477
        ]
    },
    {
        "source": 1820587477,
        "target": 4520016,
        "source_basic_blocks": [
            1820587477,
            1820587487
        ],
        "target_basic_blocks": [
            4520016,
            4520026
        ]
    },
    {
        "source": 1820593308,
        "target": 4525861,
        "source_basic_blocks": [],
        "target_basic_blocks": [
            4526151
        ]
    },
    {
        "source": 1820587317,
        "target": 4519856,
        "source_basic_blocks": [],
        "target_basic_blocks": [
            4519938
        ]
    },
    {
        "source": 1820650780,
        "target": 4583529,
        "source_basic_blocks": [
            1820650780,
            1820650806,
            1820650901,
            1820650789,
            1820650913,
            1820650841,
            1820650847,
            1820650877,
            1820650921
        ],
        "target_basic_blocks": []
    },
    {
        "source": 1820624071,
        "target": 4556720,
        "source_basic_blocks": [
            1820624071
        ],
        "target_basic_blocks": [
            4556720
        ]
    },
    {
        "source": 1820603509,
        "target": 4536086,
        "source_basic_blocks": [
            1820603509
        ],
        "target_basic_blocks": [
            4536086
        ]
    },
    {
        "source": 1820604018,
        "target": 4536606,
        "source_basic_blocks": [
            1820604018
        ],
        "target_basic_blocks": [
            4536606
        ]
    },
    {
        "source": 1820547970,
        "target": 4480464,
        "source_basic_blocks": [],
        "target_basic_blocks": [
            4480538
        ]
    },
    {
        "source": 1820439815,
        "target": 4372330,
        "source_basic_blocks": [],
        "target_basic_blocks": [
            4372462
        ]
    },
    {
        "source": 1820381425,
        "target": 4313617,
        "source_basic_blocks": [
            1820381566,
            1820381559,
            1820381561,
            1820381573,
            1820381643,
            1820381568,
            1820381578
        ],
        "target_basic_blocks": [
            4313810,
            4313747,
            4313752,
            4313805,
            4313837,
            4313755,
            4313758,
            4313761
        ]
    },
    {
        "source": 1820388539,
        "target": 4320828,
        "source_basic_blocks": [
            1820388720,
            1820388717,
            1820388727,
            1820388730
        ],
        "target_basic_blocks": [
            4320987,
            4320999,
            4320996,
            4321006,
            4321009,
            4321016,
            4321019
        ]
    },
    {
        "source": 1820388124,
        "target": 4320413,
        "source_basic_blocks": [
            1820388288,
            1820388295
        ],
        "target_basic_blocks": [
            4320558,
            4320567,
            4320570,
            4320577,
            4320584
        ]
    },
    {
        "source": 1820652034,
        "target": 4584706,
        "source_basic_blocks": [
            1820652175
        ],
        "target_basic_blocks": []
    },
    {
        "source": 1820368842,
        "target": 4300687,
        "source_basic_blocks": [],
        "target_basic_blocks": [
            4300731
        ]
    },
    {
        "source": 1820373130,
        "target": 4304836,
        "source_basic_blocks": [],
        "target_basic_blocks": [
            4305008,
            4305022,
            4305015
        ]
    },
    {
        "source": 1820368941,
        "target": 4300786,
        "source_basic_blocks": [],
        "target_basic_blocks": [
            4300846
        ]
    }
]