[
    {
        "function_matches": [
            {
                "source": 1820313465,
                "target": 4245386,
                "matches": [
                    {
                        "source_parent": 0,
                        "target_parent": 0,
                        "source": 1820313697,
                        "target": 4245605,
                        "match_rate": 100
                    },
                    {
                        "source_parent": 0,
                        "target_parent": 0,
                        "source": 1820313551,
                        "target": 4245459,
                        "match_rate": 100
                    },
                    {
                        "source_parent": 0,
                        "target_parent": 0,
                        "source": 1820313525,
                        "target": 4245433,
                        "match_rate": 100
                    },
                    {
                        "source_parent": 0,
                        "target_parent": 0,
                        "source": 1820313701,
                        "target": 4245609,
                        "match_rate": 100
                    },
                    {
                        "source_parent": 0,
                        "target_parent": 0,
                        "source": 1820313693,
                        "target": 4245601,
                        "match_rate": 100
                    },
                    {
                        "source_parent": 0,
                        "target_parent": 0,
                        "source": 1820313537,
                        "target": 4245445,
                        "match_rate": 100
                    },
                    {
                        "source_parent": 0,
                        "target_parent": 0,
                        "source": 1820313780,
                        "target": 4245688,
                        "match_rate": 100
                    },
                    {
                        "source_parent": 0,
                        "target_parent": 0,
                        "source": 1820313708,
                        "target": 4245616,
                        "match_rate": 100
                    },
                    {
                        "source_parent": 0,
                        "target_parent": 0,
                        "source": 1820313717,
                        "target": 4245625,
                        "match_rate": 100
                    },
                    {
                        "source_parent": 0,
                        "target_parent": 0,
                        "source": 1820313563,
                        "target": 4245471,
                        "match_rate": 100
                    },
                    {
                        "source_parent": 0,
                        "target_parent": 0,
                        "source": 1820313647,
                        "target": 4245555,
                        "match_rate": 100
                    },
                    {
                        "source_parent": 0,
                        "target_parent": 0,
                        "source": 1820313606,
                        "target": 4245514,
                        "match_rate": 100
                    }
                ]
            }
        ],
        "unidentified_blocks": [
            {
                "source": 1820313465,
                "target": 4245386,
                "source_basic_blocks": [
                    1820313465,
                    1820313663,
                    1820313516,
                    1820313678,
                    1820313632,
                    1820313596,
                    1820313601
                ],
                "target_basic_blocks": [
                    4245386,
                    4245571,
                    4245509,
                    4245424,
                    4245586,
                    4245504,
                    4245540
                ]
            }
        ]
    },
    {
        "function_matches": [
            {
                "source": 1820313465,
                "target": 4245386,
                "matches": [
                    {
                        "source_parent": 0,
                        "target_parent": 0,
                        "source": 1820313697,
                        "target": 4245605,
                        "match_rate": 100
                    },
                    {
                        "source_parent": 0,
                        "target_parent": 0,
                        "source": 1820313551,
                        "target": 4245459,
                        "match_rate": 100
                    },
                    {
                        "source_parent": 0,
                        "target_parent": 0,
                        "source": 1820313525,
                        "target": 4245433,
                        "match_rate": 100
                    },
                    {
                        "source_parent": 0,
                        "target_parent": 0,
                        "source": 1820313701,
                        "target": 4245609,
                        "match_rate": 100
                    },
                    {
                        "source_parent": 0,
                        "target_parent": 0,
                        "source": 1820313693,
                        "target": 4245601,
                        "match_rate": 100
                    },
                    {
                        "source_parent": 0,
                        "target_parent": 0,
                        "source": 1820313537,
                        "target": 4245445,
                        "match_rate": 100
                    },
                    {
                        "source_parent": 0,
                        "target_parent": 0,
                        "source": 1820313780,
                        "target": 4245688,
                        "match_rate": 100
                    },
                    {
                        "source_parent": 0,
                        "target_parent": 0,
                        "source": 1820313708,
                        "target": 4245616,
                        "match_rate": 100
                    },
                    {
                        "source_parent": 0,
                        "target_parent": 0,
                        "source": 1820313717,
                        "target": 4245625,
                        "match_rate": 100
                    },
                    {
                        "source_parent": 0,
                        "target_parent": 0,
                        "source": 1820313563,
                        "target": 4245471,
                        "match_rate": 100
                    },
                    {
                        "source_parent": 0,
                        "target_parent": 0,
                        "source": 1820313647,
                        "target": 4245555,
                        "match_rate": 100
                    },
                    {
                        "source_parent": 0,
                        "target_parent": 0,
                        "source": 1820313606,
                        "target": 4245514,
                        "match_rate": 100
                    },
                    {
                        "source_parent": 1820313563,
                        "target_parent": 4245471,
                        "source": 1820313596,
                        "target": 4245504,
                        "match_rate": 100
                    },
                    {
                        "source_parent": 1820313606,
                        "target_parent": 4245514,
                        "source": 1820313632,
                        "target": 4245540,
                        "match_rate": 100
                    }
                ]
            }
        ],
        "unidentified_blocks": [
            {
                "source": 1820313465,
                "target": 4245386,
                "source_basic_blocks": [
                    1820313465,
                    1820313663,
                    1820313516,
                    1820313678,
                    1820313601
                ],
                "target_basic_blocks": [
                    4245386,
                    4245571,
                    4245509,
                    4245424,
                    4245586
                ]
            }
        ]
    }
]