[
    {
        "function_matches": [
            {
                "source": 1820471016,
                "target": 4403514,
                "matches": [
                    {
                        "source": 1820471016,
                        "target": 4403514,
                        "match_rate": 100
                    },
                    {
                        "source": 1820471050,
                        "target": 4403548,
                        "match_rate": 100
                    },
                    {
                        "source": 1820471057,
                        "target": 4403555,
                        "match_rate": 100
                    },
                    {
                        "source": 1820471039,
                        "target": 4403537,
                        "match_rate": 100
                    },
                    {
                        "source": 1820471028,
                        "target": 4403526,
                        "match_rate": 100
                    },
                    {
                        "source": 1820471035,
                        "target": 4403533,
                        "match_rate": 100
                    }
                ]
            }
        ],
        "unidentified_blocks": [
            {
                "source": 1820471016,
                "target": 4403514,
                "source_basic_blocks": [
                    1820471026
                ],
                "target_basic_blocks": [
                    4403524
                ]
            }
        ]
    },
    {
        "function_matches": [
            {
                "source": 1820471016,
                "target": 4403514,
                "matches": [
                    {
                        "source": 1820471016,
                        "target": 4403514,
                        "match_rate": 100
                    },
                    {
                        "source": 1820471050,
                        "target": 4403548,
                        "match_rate": 100
                    },
                    {
                        "source": 1820471057,
                        "target": 4403555,
                        "match_rate": 100
                    },
                    {
                        "source": 1820471039,
                        "target": 4403537,
                        "match_rate": 100
                    },
                    {
                        "source": 1820471028,
                        "target": 4403526,
                        "match_rate": 100
                    },
                    {
                        "source": 1820471035,
                        "target": 4403533,
                        "match_rate": 100
                    },
                    {
                        "source": 1820471026,
                        "target": 4403524,
                        "match_rate": 100
                    }
                ]
            }
        ],
        "unidentified_blocks": []
    }
]