[
    {
        "source": 1820562908,
        "target": 4495402,
        "match_rate": 100
    },
    {
        "source": 1820562884,
        "target": 4495378,
        "match_rate": 100
    },
    {
        "source": 1820562571,
        "target": 4495065,
        "match_rate": 100
    },
    {
        "source": 1820562806,
        "target": 4495300,
        "match_rate": 100
    },
    {
        "source": 1820562915,
        "target": 4495409,
        "match_rate": 100
    },
    {
        "source": 1820562904,
        "target": 4495398,
        "match_rate": 100
    },
    {
        "source": 1820562890,
        "target": 4495384,
        "match_rate": 100
    },
    {
        "source": 1820562995,
        "target": 4495489,
        "match_rate": 100
    },
    {
        "source": 1820563001,
        "target": 4495495,
        "match_rate": 100
    }
]