{
    "function_matches": [
        {
            "source": 1820314868,
            "target": 4246735,
            "matches": [
                {
                    "source_parent": 0,
                    "target_parent": 0,
                    "source": 1820314868,
                    "target": 4246735,
                    "type": 4,
                    "sub_type": 0,
                    "match_rate": 100,
                    "source_end": 1820314909,
                    "target_end": 4246776
                },
                {
                    "source_parent": 0,
                    "target_parent": 0,
                    "source": 1820314909,
                    "target": 4246776,
                    "type": 4,
                    "sub_type": 0,
                    "match_rate": 100,
                    "source_end": 1820314933,
                    "target_end": 4246800
                },
                {
                    "source_parent": 0,
                    "target_parent": 0,
                    "source": 1820314933,
                    "target": 4246800,
                    "type": 4,
                    "sub_type": 0,
                    "match_rate": 100,
                    "source_end": 1820315070,
                    "target_end": 4246937
                },
                {
                    "source_parent": 0,
                    "target_parent": 0,
                    "source": 1820315082,
                    "target": 4246949,
                    "type": 4,
                    "sub_type": 0,
                    "match_rate": 100,
                    "source_end": 1820315092,
                    "target_end": 4246959
                },
                {
                    "source_parent": 0,
                    "target_parent": 0,
                    "source": 1820315094,
                    "target": 4246961,
                    "type": 4,
                    "sub_type": 0,
                    "match_rate": 100,
                    "source_end": 1820315103,
                    "target_end": 4246970
                },
                {
                    "source_parent": 0,
                    "target_parent": 0,
                    "source": 1820315123,
                    "target": 4246990,
                    "type": 4,
                    "sub_type": 0,
                    "match_rate": 100,
                    "source_end": 1820315241,
                    "target_end": 4247108
                },
                {
                    "source_parent": 0,
                    "target_parent": 0,
                    "source": 1820315272,
                    "target": 4247139,
                    "type": 4,
                    "sub_type": 0,
                    "match_rate": 100,
                    "source_end": 1820315281,
                    "target_end": 4247148
                },
                {
                    "source_parent": 0,
                    "target_parent": 0,
                    "source": 1820315301,
                    "target": 4247168,
                    "type": 4,
                    "sub_type": 0,
                    "match_rate": 100,
                    "source_end": 1820315419,
                    "target_end": 4247286
                },
                {
                    "source_parent": 0,
                    "target_parent": 0,
                    "source": 1820315445,
                    "target": 4247312,
                    "type": 4,
                    "sub_type": 0,
                    "match_rate": 100,
                    "source_end": 1820315587,
                    "target_end": 4247454
                }
            ]
        }
    ],
    "binaries": {
        "source": {
            "md5": "b8e114bf915b74e9e64aba6888c46cb6"
        },
        "target": {
            "md5": "b4be1f81a7f4521b2bc2abf72785493d"
        }
    }
}