{
    "function_matches": [
        {
            "source": 1820313465,
            "target": 4245386,
            "matches": [
                {
                    "source_parent": 0,
                    "target_parent": 0,
                    "source": 1820313525,
                    "target": 4245433,
                    "type": 4,
                    "sub_type": 0,
                    "match_rate": 100,
                    "source_end": 1820313537,
                    "target_end": 4245445
                },
                {
                    "source_parent": 0,
                    "target_parent": 0,
                    "source": 1820313537,
                    "target": 4245445,
                    "type": 4,
                    "sub_type": 0,
                    "match_rate": 100,
                    "source_end": 1820313551,
                    "target_end": 4245459
                },
                {
                    "source_parent": 0,
                    "target_parent": 0,
                    "source": 1820313551,
                    "target": 4245459,
                    "type": 4,
                    "sub_type": 0,
                    "match_rate": 100,
                    "source_end": 1820313563,
                    "target_end": 4245471
                },
                {
                    "source_parent": 0,
                    "target_parent": 0,
                    "source": 1820313563,
                    "target": 4245471,
                    "type": 4,
                    "sub_type": 0,
                    "match_rate": 100,
                    "source_end": 1820313596,
                    "target_end": 4245504
                },
                {
                    "source_parent": 1820313563,
                    "target_parent": 4245471,
                    "source": 1820313596,
                    "target": 4245504,
                    "type": 6,
                    "sub_type": 0,
                    "match_rate": 100,
                    "source_end": 1820313601,
                    "target_end": 4245509
                },
                {
                    "source_parent": 1820313596,
                    "target_parent": 4245504,
                    "source": 1820313601,
                    "target": 4245509,
                    "type": 6,
                    "sub_type": 0,
                    "match_rate": 100,
                    "source_end": 1820313606,
                    "target_end": 4245514
                },
                {
                    "source_parent": 0,
                    "target_parent": 0,
                    "source": 1820313606,
                    "target": 4245514,
                    "type": 4,
                    "sub_type": 0,
                    "match_rate": 100,
                    "source_end": 1820313632,
                    "target_end": 4245540
                },
                {
                    "source_parent": 1820313606,
                    "target_parent": 4245514,
                    "source": 1820313632,
                    "target": 4245540,
                    "type": 6,
                    "sub_type": 0,
                    "match_rate": 100,
                    "source_end": 1820313647,
                    "target_end": 4245555
                },
                {
                    "source_parent": 0,
                    "target_parent": 0,
                    "source": 1820313647,
                    "target": 4245555,
                    "type": 4,
                    "sub_type": 0,
                    "match_rate": 100,
                    "source_end": 1820313663,
                    "target_end": 4245571
                },
                {
                    "source_parent": 0,
                    "target_parent": 0,
                    "source": 1820313693,
                    "target": 4245601,
                    "type": 4,
                    "sub_type": 0,
                    "match_rate": 100,
                    "source_end": 1820313697,
                    "target_end": 4245605
                },
                {
                    "source_parent": 0,
                    "target_parent": 0,
                    "source": 1820313697,
                    "target": 4245605,
                    "type": 4,
                    "sub_type": 0,
                    "match_rate": 100,
                    "source_end": 1820313701,
                    "target_end": 4245609
                },
                {
                    "source_parent": 0,
                    "target_parent": 0,
                    "source": 1820313701,
                    "target": 4245609,
                    "type": 4,
                    "sub_type": 0,
                    "match_rate": 100,
                    "source_end": 1820313708,
                    "target_end": 4245616
                },
                {
                    "source_parent": 0,
                    "target_parent": 0,
                    "source": 1820313708,
                    "target": 4245616,
                    "type": 4,
                    "sub_type": 0,
                    "match_rate": 100,
                    "source_end": 1820313717,
                    "target_end": 4245625
                },
                {
                    "source_parent": 0,
                    "target_parent": 0,
                    "source": 1820313717,
                    "target": 4245625,
                    "type": 4,
                    "sub_type": 0,
                    "match_rate": 100,
                    "source_end": 1820313780,
                    "target_end": 4245688
                },
                {
                    "source_parent": 0,
                    "target_parent": 0,
                    "source": 1820313780,
                    "target": 4245688,
                    "type": 4,
                    "sub_type": 0,
                    "match_rate": 100,
                    "source_end": 1820313786,
                    "target_end": 4245694
                }
            ],
            "unidentified_blocks": {
                "sources": [
                    {
                        "start": 1820313465,
                        "end": 1820313516
                    },
                    {
                        "start": 1820313663,
                        "end": 1820313678
                    },
                    {
                        "start": 1820313516,
                        "end": 1820313525
                    },
                    {
                        "start": 1820313678,
                        "end": 1820313693
                    }
                ],
                "targets": [
                    {
                        "start": 4245386,
                        "end": 4245424
                    },
                    {
                        "start": 4245571,
                        "end": 4245586
                    },
                    {
                        "start": 4245424,
                        "end": 4245433
                    },
                    {
                        "start": 4245586,
                        "end": 4245601
                    }
                ]
            }
        }
    ],
    "binaries": {
        "source": {
            "md5": "b8e114bf915b74e9e64aba6888c46cb6"
        },
        "target": {
            "md5": "b4be1f81a7f4521b2bc2abf72785493d"
        }
    }
}