[
    {
        "source": 1820314868,
        "target": 4246735,
        "source_basic_blocks": [
            1820315070,
            1820315077,
            1820315103,
            1820315241,
            1820315281,
            1820315419
        ],
        "target_basic_blocks": [
            4246937,
            4246944,
            4246970,
            4247108,
            4247148,
            4247286
        ]
    }
]