{
    "function_matches": [
        {
            "source": 52468,
            "target": 52431,
            "matches": [
                {
                    "source_parent": 0,
                    "target_parent": 0,
                    "source": 52468,
                    "target": 52431,
                    "type": 4,
                    "sub_type": 0,
                    "match_rate": 100,
                    "source_end": 52509,
                    "target_end": 52472
                },
                {
                    "source_parent": 0,
                    "target_parent": 0,
                    "source": 52509,
                    "target": 52472,
                    "type": 4,
                    "sub_type": 0,
                    "match_rate": 100,
                    "source_end": 52533,
                    "target_end": 52496
                },
                {
                    "source_parent": 0,
                    "target_parent": 0,
                    "source": 52533,
                    "target": 52496,
                    "type": 4,
                    "sub_type": 0,
                    "match_rate": 100,
                    "source_end": 52670,
                    "target_end": 52633
                },
                {
                    "source_parent": 0,
                    "target_parent": 0,
                    "source": 52682,
                    "target": 52645,
                    "type": 4,
                    "sub_type": 0,
                    "match_rate": 100,
                    "source_end": 52692,
                    "target_end": 52655
                },
                {
                    "source_parent": 0,
                    "target_parent": 0,
                    "source": 52694,
                    "target": 52657,
                    "type": 4,
                    "sub_type": 0,
                    "match_rate": 100,
                    "source_end": 52703,
                    "target_end": 52666
                },
                {
                    "source_parent": 0,
                    "target_parent": 0,
                    "source": 52723,
                    "target": 52686,
                    "type": 4,
                    "sub_type": 0,
                    "match_rate": 100,
                    "source_end": 52841,
                    "target_end": 52804
                },
                {
                    "source_parent": 0,
                    "target_parent": 0,
                    "source": 52872,
                    "target": 52835,
                    "type": 4,
                    "sub_type": 0,
                    "match_rate": 100,
                    "source_end": 52881,
                    "target_end": 52844
                },
                {
                    "source_parent": 0,
                    "target_parent": 0,
                    "source": 52901,
                    "target": 52864,
                    "type": 4,
                    "sub_type": 0,
                    "match_rate": 100,
                    "source_end": 53019,
                    "target_end": 52982
                },
                {
                    "source_parent": 0,
                    "target_parent": 0,
                    "source": 53045,
                    "target": 53008,
                    "type": 4,
                    "sub_type": 0,
                    "match_rate": 100,
                    "source_end": 53187,
                    "target_end": 53150
                }
            ],
            "unidentified_blocks": {
                "sources": [
                    {
                        "start": 52677,
                        "end": 52682
                    },
                    {
                        "start": 52670,
                        "end": 52677
                    },
                    {
                        "start": 52881,
                        "end": 52899
                    },
                    {
                        "start": 52703,
                        "end": 52721
                    },
                    {
                        "start": 53019,
                        "end": 53045
                    },
                    {
                        "start": 52841,
                        "end": 52867
                    }
                ],
                "targets": [
                    {
                        "start": 52640,
                        "end": 52645
                    },
                    {
                        "start": 52633,
                        "end": 52640
                    },
                    {
                        "start": 52844,
                        "end": 52862
                    },
                    {
                        "start": 52666,
                        "end": 52684
                    },
                    {
                        "start": 52982,
                        "end": 53008
                    },
                    {
                        "start": 52804,
                        "end": 52830
                    }
                ]
            }
        }
    ],
    "binaries": {
        "source": {
            "md5": "b8e114bf915b74e9e64aba6888c46cb6"
        },
        "target": {
            "md5": "b4be1f81a7f4521b2bc2abf72785493d"
        }
    }
}