[
    {
        "source": 1820314868,
        "target": 4246735,
        "source_basic_blocks": [],
        "target_basic_blocks": [
            4246937
        ]
    }
]