[
    {
        "source": 1820471016,
        "target": 4403514,
        "matches": [
            {
                "source_parent": 0,
                "target_parent": 0,
                "source": 1820471016,
                "target": 4403514,
                "type": 4,
                "sub_type": 0,
                "match_rate": 100
            },
            {
                "source_parent": 0,
                "target_parent": 0,
                "source": 1820471028,
                "target": 4403526,
                "type": 4,
                "sub_type": 0,
                "match_rate": 100
            },
            {
                "source_parent": 0,
                "target_parent": 0,
                "source": 1820471035,
                "target": 4403533,
                "type": 4,
                "sub_type": 0,
                "match_rate": 100
            },
            {
                "source_parent": 0,
                "target_parent": 0,
                "source": 1820471039,
                "target": 4403537,
                "type": 4,
                "sub_type": 0,
                "match_rate": 100
            },
            {
                "source_parent": 0,
                "target_parent": 0,
                "source": 1820471050,
                "target": 4403548,
                "type": 4,
                "sub_type": 0,
                "match_rate": 100
            },
            {
                "source_parent": 0,
                "target_parent": 0,
                "source": 1820471057,
                "target": 4403555,
                "type": 4,
                "sub_type": 0,
                "match_rate": 100
            }
        ]
    }
]