[
    {
        "source": 1820314868,
        "target": 4246735,
        "matches": [
            {
                "source_parent": 0,
                "target_parent": 0,
                "source": 1820314868,
                "target": 4246735,
                "type": 4,
                "sub_type": 0,
                "match_rate": 100
            },
            {
                "source_parent": 0,
                "target_parent": 0,
                "source": 1820314909,
                "target": 4246776,
                "type": 4,
                "sub_type": 0,
                "match_rate": 100
            },
            {
                "source_parent": 0,
                "target_parent": 0,
                "source": 1820314933,
                "target": 4246800,
                "type": 4,
                "sub_type": 0,
                "match_rate": 100
            },
            {
                "source_parent": 1820314933,
                "target_parent": 4246800,
                "source": 1820315070,
                "target": 4246944,
                "type": 6,
                "sub_type": 0,
                "match_rate": 100
            },
            {
                "source_parent": 1820314933,
                "target_parent": 4246800,
                "source": 1820315077,
                "target": 4246944,
                "type": 6,
                "sub_type": 0,
                "match_rate": 100
            },
            {
                "source_parent": 0,
                "target_parent": 0,
                "source": 1820315082,
                "target": 4246949,
                "type": 4,
                "sub_type": 0,
                "match_rate": 100
            },
            {
                "source_parent": 1820315103,
                "target_parent": 4247148,
                "source": 1820315094,
                "target": 4247139,
                "type": 6,
                "sub_type": 0,
                "match_rate": 95
            },
            {
                "source_parent": 1820315094,
                "target_parent": 4246961,
                "source": 1820315103,
                "target": 4246970,
                "type": 6,
                "sub_type": 0,
                "match_rate": 100
            },
            {
                "source_parent": 0,
                "target_parent": 0,
                "source": 1820315123,
                "target": 4246990,
                "type": 4,
                "sub_type": 0,
                "match_rate": 100
            },
            {
                "source_parent": 1820315103,
                "target_parent": 4247148,
                "source": 1820315241,
                "target": 4247286,
                "type": 6,
                "sub_type": 0,
                "match_rate": 100
            },
            {
                "source_parent": 0,
                "target_parent": 0,
                "source": 1820315272,
                "target": 4247139,
                "type": 4,
                "sub_type": 0,
                "match_rate": 100
            },
            {
                "source_parent": 1820315082,
                "target_parent": 4246949,
                "source": 1820315281,
                "target": 4247148,
                "type": 6,
                "sub_type": 0,
                "match_rate": 100
            },
            {
                "source_parent": 0,
                "target_parent": 0,
                "source": 1820315301,
                "target": 4247168,
                "type": 4,
                "sub_type": 0,
                "match_rate": 100
            },
            {
                "source_parent": 1820315301,
                "target_parent": 4247168,
                "source": 1820315419,
                "target": 4247286,
                "type": 6,
                "sub_type": 0,
                "match_rate": 100
            },
            {
                "source_parent": 0,
                "target_parent": 0,
                "source": 1820315445,
                "target": 4247312,
                "type": 4,
                "sub_type": 0,
                "match_rate": 100
            }
        ]
    }
]