[
    {
        "source": 1820313465,
        "target": 4245386,
        "source_basic_blocks": [
            1820313465,
            1820313516,
            1820313601,
            1820313663,
            1820313678
        ],
        "target_basic_blocks": [
            4245386,
            4245424,
            4245509,
            4245571,
            4245586
        ]
    }
]