[
    {
        "source": 1820471016,
        "target": 4403514,
        "source_basic_blocks": [
            1820471026
        ],
        "target_basic_blocks": [
            4403524
        ]
    }
]