{
    "function_matches": [
        {
            "source": 51065,
            "target": 51082,
            "matches": [
                {
                    "source_parent": 0,
                    "target_parent": 0,
                    "source": 51125,
                    "target": 51129,
                    "type": 4,
                    "sub_type": 0,
                    "match_rate": 100,
                    "source_end": 51137,
                    "target_end": 51141
                },
                {
                    "source_parent": 0,
                    "target_parent": 0,
                    "source": 51137,
                    "target": 51141,
                    "type": 4,
                    "sub_type": 0,
                    "match_rate": 100,
                    "source_end": 51151,
                    "target_end": 51155
                },
                {
                    "source_parent": 0,
                    "target_parent": 0,
                    "source": 51151,
                    "target": 51155,
                    "type": 4,
                    "sub_type": 0,
                    "match_rate": 100,
                    "source_end": 51163,
                    "target_end": 51167
                },
                {
                    "source_parent": 0,
                    "target_parent": 0,
                    "source": 51163,
                    "target": 51167,
                    "type": 4,
                    "sub_type": 0,
                    "match_rate": 100,
                    "source_end": 51196,
                    "target_end": 51200
                },
                {
                    "source_parent": 51163,
                    "target_parent": 51167,
                    "source": 51196,
                    "target": 51200,
                    "type": 6,
                    "sub_type": 0,
                    "match_rate": 100,
                    "source_end": 51201,
                    "target_end": 51205
                },
                {
                    "source_parent": 0,
                    "target_parent": 0,
                    "source": 51206,
                    "target": 51210,
                    "type": 4,
                    "sub_type": 0,
                    "match_rate": 100,
                    "source_end": 51232,
                    "target_end": 51236
                },
                {
                    "source_parent": 51206,
                    "target_parent": 51210,
                    "source": 51232,
                    "target": 51236,
                    "type": 6,
                    "sub_type": 0,
                    "match_rate": 100,
                    "source_end": 51247,
                    "target_end": 51251
                },
                {
                    "source_parent": 0,
                    "target_parent": 0,
                    "source": 51247,
                    "target": 51251,
                    "type": 4,
                    "sub_type": 0,
                    "match_rate": 100,
                    "source_end": 51263,
                    "target_end": 51267
                },
                {
                    "source_parent": 0,
                    "target_parent": 0,
                    "source": 51293,
                    "target": 51297,
                    "type": 4,
                    "sub_type": 0,
                    "match_rate": 100,
                    "source_end": 51297,
                    "target_end": 51301
                },
                {
                    "source_parent": 0,
                    "target_parent": 0,
                    "source": 51297,
                    "target": 51301,
                    "type": 4,
                    "sub_type": 0,
                    "match_rate": 100,
                    "source_end": 51301,
                    "target_end": 51305
                },
                {
                    "source_parent": 0,
                    "target_parent": 0,
                    "source": 51301,
                    "target": 51305,
                    "type": 4,
                    "sub_type": 0,
                    "match_rate": 100,
                    "source_end": 51308,
                    "target_end": 51312
                },
                {
                    "source_parent": 0,
                    "target_parent": 0,
                    "source": 51308,
                    "target": 51312,
                    "type": 4,
                    "sub_type": 0,
                    "match_rate": 100,
                    "source_end": 51317,
                    "target_end": 51321
                },
                {
                    "source_parent": 0,
                    "target_parent": 0,
                    "source": 51317,
                    "target": 51321,
                    "type": 4,
                    "sub_type": 0,
                    "match_rate": 100,
                    "source_end": 51380,
                    "target_end": 51384
                },
                {
                    "source_parent": 0,
                    "target_parent": 0,
                    "source": 51380,
                    "target": 51384,
                    "type": 4,
                    "sub_type": 0,
                    "match_rate": 100,
                    "source_end": 51386,
                    "target_end": 51390
                }
            ],
            "unidentified_blocks": {
                "sources": [
                    {
                        "start": 51065,
                        "end": 51116
                    },
                    {
                        "start": 51263,
                        "end": 51278
                    },
                    {
                        "start": 51116,
                        "end": 51125
                    },
                    {
                        "start": 51278,
                        "end": 51293
                    },
                    {
                        "start": 51201,
                        "end": 51206
                    }
                ],
                "targets": [
                    {
                        "start": 51082,
                        "end": 51120
                    },
                    {
                        "start": 51267,
                        "end": 51282
                    },
                    {
                        "start": 51205,
                        "end": 51210
                    },
                    {
                        "start": 51120,
                        "end": 51129
                    },
                    {
                        "start": 51282,
                        "end": 51297
                    }
                ]
            }
        }
    ],
    "binaries": {
        "source": {
            "md5": "b8e114bf915b74e9e64aba6888c46cb6"
        },
        "target": {
            "md5": "b4be1f81a7f4521b2bc2abf72785493d"
        }
    }
}