[
    {
        "source": 1820651465,
        "target": 4584137,
        "source_basic_blocks": [
            1820651532
        ],
        "target_basic_blocks": []
    },
    {
        "source": 1820455047,
        "target": 4387612,
        "source_basic_blocks": [
            1820506235,
            1820506553
        ],
        "target_basic_blocks": [
            4438766,
            4439084
        ]
    },
    {
        "source": 1820595012,
        "target": 4527579,
        "source_basic_blocks": [
            1820595077
        ],
        "target_basic_blocks": [
            4527644,
            4527663
        ]
    },
    {
        "source": 1820479041,
        "target": 4411517,
        "source_basic_blocks": [
            1820479041,
            1820479752,
            1820479260,
            1820479272,
            1820479476,
            1820480717
        ],
        "target_basic_blocks": [
            4411517,
            4411756,
            4412233,
            4411955,
            4413199
        ]
    },
    {
        "source": 1820313465,
        "target": 4245386,
        "source_basic_blocks": [
            1820313465
        ],
        "target_basic_blocks": [
            4245386
        ]
    },
    {
        "source": 1820398745,
        "target": 4331060,
        "source_basic_blocks": [
            1820402828,
            1820402661,
            1820402432,
            1820403108,
            1820402787,
            1820402159,
            1820402980,
            1820403036,
            1820402033,
            1820402727,
            1820402099
        ],
        "target_basic_blocks": [
            4334333,
            4335112,
            4334730,
            4334947,
            4335393,
            4335074,
            4334460,
            4335261,
            4335322,
            4335015,
            4334401
        ]
    },
    {
        "source": 1820484648,
        "target": 4417168,
        "source_basic_blocks": [
            1820485649,
            1820485708
        ],
        "target_basic_blocks": [
            4418163
        ]
    },
    {
        "source": 1820456190,
        "target": 4388755,
        "source_basic_blocks": [
            1820456190,
            1820456218,
            1820456226,
            1820456243,
            1820456223
        ],
        "target_basic_blocks": [
            4388755,
            4388789,
            4388768,
            4388820,
            4388796,
            4388813
        ]
    },
    {
        "source": 1820335430,
        "target": 4267262,
        "source_basic_blocks": [
            1820335546,
            1820335666
        ],
        "target_basic_blocks": [
            4267378,
            4267498
        ]
    },
    {
        "source": 1820527964,
        "target": 4460412,
        "source_basic_blocks": [
            1820528008
        ],
        "target_basic_blocks": [
            4460456
        ]
    },
    {
        "source": 1820456878,
        "target": 4389456,
        "source_basic_blocks": [
            1820457811
        ],
        "target_basic_blocks": [
            4390389
        ]
    },
    {
        "source": 1820650752,
        "target": 4583574,
        "source_basic_blocks": [
            1820650752,
            1820650761
        ],
        "target_basic_blocks": []
    },
    {
        "source": 1820604687,
        "target": 4537287,
        "source_basic_blocks": [
            1820604687,
            1820604771
        ],
        "target_basic_blocks": [
            4537287,
            4537374
        ]
    },
    {
        "source": 1820623393,
        "target": 4556022,
        "source_basic_blocks": [
            1820623690,
            1820623393
        ],
        "target_basic_blocks": [
            4556022,
            4556323
        ]
    },
    {
        "source": 1820623987,
        "target": 4556631,
        "source_basic_blocks": [
            1820623987,
            1820624004,
            1820624016
        ],
        "target_basic_blocks": [
            4556631,
            4556649,
            4556661
        ]
    },
    {
        "source": 1820623987,
        "target": 4556450,
        "source_basic_blocks": [
            1820624059,
            1820624067,
            1820623987,
            1820624039
        ],
        "target_basic_blocks": [
            4556577,
            4556593,
            4556450,
            4556525,
            4556497,
            4556504,
            4556532,
            4556516,
            4556507,
            4556553,
            4556571,
            4556510,
            4556558
        ]
    },
    {
        "source": 1820422494,
        "target": 4354957,
        "source_basic_blocks": [
            1820422920,
            1820422807,
            1820422905,
            1820422960,
            1820422785,
            1820422942
        ],
        "target_basic_blocks": [
            4355375,
            4355412,
            4355270,
            4355248
        ]
    },
    {
        "source": 1820497537,
        "target": 4430059,
        "source_basic_blocks": [
            1820497918
        ],
        "target_basic_blocks": [
            4430440
        ]
    },
    {
        "source": 1820313138,
        "target": 4244954,
        "source_basic_blocks": [
            1820313138
        ],
        "target_basic_blocks": [
            4244954
        ]
    },
    {
        "source": 1820605654,
        "target": 4538259,
        "source_basic_blocks": [
            1820606022,
            1820606148
        ],
        "target_basic_blocks": [
            4538627,
            4538753
        ]
    },
    {
        "source": 1820500672,
        "target": 4433200,
        "source_basic_blocks": [
            1820500883
        ],
        "target_basic_blocks": [
            4433411
        ]
    },
    {
        "source": 1820579480,
        "target": 4511976,
        "source_basic_blocks": [
            1820579998
        ],
        "target_basic_blocks": [
            4512494
        ]
    },
    {
        "source": 1820591357,
        "target": 4523904,
        "source_basic_blocks": [],
        "target_basic_blocks": [
            4523944
        ]
    },
    {
        "source": 1820420238,
        "target": 4352701,
        "source_basic_blocks": [
            1820420912
        ],
        "target_basic_blocks": [
            4353375
        ]
    },
    {
        "source": 1820650440,
        "target": 4583097,
        "source_basic_blocks": [
            1820650698
        ],
        "target_basic_blocks": []
    },
    {
        "source": 1820416810,
        "target": 4349192,
        "source_basic_blocks": [
            1820416810,
            1820418271
        ],
        "target_basic_blocks": [
            4349192,
            4350724
        ]
    },
    {
        "source": 1820588914,
        "target": 4521461,
        "source_basic_blocks": [
            1820589313
        ],
        "target_basic_blocks": [
            4521860
        ]
    },
    {
        "source": 1820610138,
        "target": 4542762,
        "source_basic_blocks": [
            1820610184
        ],
        "target_basic_blocks": [
            4542808
        ]
    },
    {
        "source": 1820471832,
        "target": 4403603,
        "source_basic_blocks": [
            1820471832
        ],
        "target_basic_blocks": [
            4403603
        ]
    },
    {
        "source": 1820534192,
        "target": 4466640,
        "source_basic_blocks": [
            1820534263
        ],
        "target_basic_blocks": [
            4466711
        ]
    },
    {
        "source": 1820470860,
        "target": 4403444,
        "source_basic_blocks": [
            1820470882
        ],
        "target_basic_blocks": [
            4403466
        ]
    },
    {
        "source": 1820520828,
        "target": 4454840,
        "source_basic_blocks": [
            1820520850
        ],
        "target_basic_blocks": [
            4454862
        ]
    },
    {
        "source": 1820330542,
        "target": 4262462,
        "source_basic_blocks": [
            1820331166
        ],
        "target_basic_blocks": [
            4263086
        ]
    },
    {
        "source": 1820393686,
        "target": 4325935,
        "source_basic_blocks": [
            1820393686,
            1820393908,
            1820393919,
            1820393997,
            1820394067
        ],
        "target_basic_blocks": [
            4326160,
            4326304,
            4325935,
            4326174,
            4326249,
            4326272,
            4326419,
            4326285
        ]
    },
    {
        "source": 1820480954,
        "target": 4413437,
        "source_basic_blocks": [
            1820481179,
            1820481194,
            1820481025,
            1820481102,
            1820481117
        ],
        "target_basic_blocks": [
            4413508,
            4413593
        ]
    },
    {
        "source": 1820454786,
        "target": 4387351,
        "source_basic_blocks": [
            1820454827
        ],
        "target_basic_blocks": [
            4387392
        ]
    },
    {
        "source": 1820538075,
        "target": 4470562,
        "source_basic_blocks": [
            1820538327,
            1820538449,
            1820538760,
            1820538872,
            1820538527,
            1820538813,
            1820538558,
            1820538648,
            1820538601
        ],
        "target_basic_blocks": [
            4471149,
            4471316,
            4470942,
            4470814,
            4471264,
            4471379,
            4471024,
            4471102,
            4471060
        ]
    },
    {
        "source": 1820481693,
        "target": 4414142,
        "source_basic_blocks": [
            1820482009,
            1820481764,
            1820481852
        ],
        "target_basic_blocks": [
            4414213,
            4414450
        ]
    },
    {
        "source": 1820590476,
        "target": 4523023,
        "source_basic_blocks": [
            1820590539
        ],
        "target_basic_blocks": [
            4523086
        ]
    },
    {
        "source": 1820475570,
        "target": 4408051,
        "source_basic_blocks": [
            1820476767
        ],
        "target_basic_blocks": []
    },
    {
        "source": 1820528757,
        "target": 4461205,
        "source_basic_blocks": [
            1820528008
        ],
        "target_basic_blocks": [
            4460456
        ]
    },
    {
        "source": 1820526387,
        "target": 4458875,
        "source_basic_blocks": [
            1820526387
        ],
        "target_basic_blocks": [
            4458875
        ]
    },
    {
        "source": 1820418980,
        "target": 4351429,
        "source_basic_blocks": [
            1820418980
        ],
        "target_basic_blocks": [
            4351429
        ]
    },
    {
        "source": 1820317142,
        "target": 4249023,
        "source_basic_blocks": [
            1820318343,
            1820318244,
            1820317934,
            1820317949,
            1820317973,
            1820318237,
            1820318429,
            1820318411,
            1820318222
        ],
        "target_basic_blocks": [
            4250238,
            4250123,
            4249857,
            4250324,
            4249829,
            4250117,
            4250309
        ]
    },
    {
        "source": 1820525914,
        "target": 4458399,
        "source_basic_blocks": [
            1820525914
        ],
        "target_basic_blocks": [
            4458399
        ]
    },
    {
        "source": 1820440872,
        "target": 4373387,
        "source_basic_blocks": [
            1820441106,
            1820441122,
            1820441194
        ],
        "target_basic_blocks": [
            4373716,
            4373621,
            4373641
        ]
    },
    {
        "source": 1820625968,
        "target": 4558627,
        "source_basic_blocks": [
            1820625968,
            1820626453
        ],
        "target_basic_blocks": [
            4558627,
            4559116
        ]
    },
    {
        "source": 1820581756,
        "target": 4514252,
        "source_basic_blocks": [
            1820582024
        ],
        "target_basic_blocks": [
            4514520
        ]
    },
    {
        "source": 1820334076,
        "target": 4244533,
        "source_basic_blocks": [
            1820334142
        ],
        "target_basic_blocks": [
            4244599
        ]
    },
    {
        "source": 1820606631,
        "target": 4539236,
        "source_basic_blocks": [
            1820606917
        ],
        "target_basic_blocks": [
            4539522,
            4539539
        ]
    },
    {
        "source": 1820593772,
        "target": 4526325,
        "source_basic_blocks": [],
        "target_basic_blocks": [
            4526456,
            4526447,
            4526461
        ]
    },
    {
        "source": 1820375212,
        "target": 4306918,
        "source_basic_blocks": [
            1820375424
        ],
        "target_basic_blocks": [
            4307130
        ]
    },
    {
        "source": 1820650698,
        "target": 4583364,
        "source_basic_blocks": [],
        "target_basic_blocks": [
            4583364
        ]
    },
    {
        "source": 1820542249,
        "target": 4474743,
        "source_basic_blocks": [
            1820542467
        ],
        "target_basic_blocks": [
            4474961
        ]
    },
    {
        "source": 1820651564,
        "target": 4584236,
        "source_basic_blocks": [
            1820651633
        ],
        "target_basic_blocks": []
    },
    {
        "source": 1820623708,
        "target": 4556342,
        "source_basic_blocks": [
            1820623732,
            1820623708,
            1820623807,
            1820623744,
            1820623793,
            1820623804
        ],
        "target_basic_blocks": [
            4556430,
            4556342,
            4556369,
            4556445,
            4556380,
            4556443
        ]
    },
    {
        "source": 1820587917,
        "target": 4520456,
        "source_basic_blocks": [
            1820588205
        ],
        "target_basic_blocks": [
            4520744,
            4520761
        ]
    },
    {
        "source": 1820625547,
        "target": 4558201,
        "source_basic_blocks": [
            1820625547,
            1820625952
        ],
        "target_basic_blocks": [
            4558201,
            4558610
        ]
    },
    {
        "source": 1820604293,
        "target": 4536883,
        "source_basic_blocks": [
            1820604293,
            1820604586
        ],
        "target_basic_blocks": [
            4537180,
            4536883
        ]
    },
    {
        "source": 1820419555,
        "target": 4351984,
        "source_basic_blocks": [
            1820419555
        ],
        "target_basic_blocks": [
            4351984,
            4352100
        ]
    },
    {
        "source": 1820623128,
        "target": 4555752,
        "source_basic_blocks": [
            1820623377,
            1820623128
        ],
        "target_basic_blocks": [
            4556005,
            4555752
        ]
    },
    {
        "source": 1820623811,
        "target": 4556450,
        "source_basic_blocks": [
            1820623811,
            1820623848,
            1820623836,
            1820623935
        ],
        "target_basic_blocks": [
            4556577,
            4556450,
            4556477,
            4556489
        ]
    },
    {
        "source": 1820576241,
        "target": 4508737,
        "source_basic_blocks": [
            1820576277
        ],
        "target_basic_blocks": [
            4508773
        ]
    },
    {
        "source": 1820471016,
        "target": 4403514,
        "source_basic_blocks": [
            1820471026
        ],
        "target_basic_blocks": [
            4403524
        ]
    },
    {
        "source": 1820624071,
        "target": 4556720,
        "source_basic_blocks": [
            1820624071,
            1820624358
        ],
        "target_basic_blocks": [
            4556720,
            4557011
        ]
    },
    {
        "source": 1820603509,
        "target": 4536086,
        "source_basic_blocks": [
            1820603509,
            1820603745,
            1820603554
        ],
        "target_basic_blocks": [
            4536086,
            4536132,
            4536326
        ]
    },
    {
        "source": 1820604018,
        "target": 4536606,
        "source_basic_blocks": [
            1820604018,
            1820604136,
            1820604054
        ],
        "target_basic_blocks": [
            4536606,
            4536643,
            4536728
        ]
    },
    {
        "source": 1820604790,
        "target": 4537395,
        "source_basic_blocks": [
            1820604996
        ],
        "target_basic_blocks": [
            4537601
        ]
    },
    {
        "source": 1820389035,
        "target": 4321324,
        "source_basic_blocks": [
            1820389097
        ],
        "target_basic_blocks": [
            4321386
        ]
    },
    {
        "source": 1820381425,
        "target": 4313617,
        "source_basic_blocks": [
            1820381566,
            1820381559
        ],
        "target_basic_blocks": [
            4313755,
            4313758
        ]
    },
    {
        "source": 1820652034,
        "target": 4584706,
        "source_basic_blocks": [
            1820652175
        ],
        "target_basic_blocks": []
    },
    {
        "source": 1820373130,
        "target": 4304836,
        "source_basic_blocks": [],
        "target_basic_blocks": [
            4305008,
            4305022,
            4305015
        ]
    }
]